Ùª­jAttributesÙ¯‚€öpExtended SummaryÙ¯‚€ögMethodsÙ¯‚€öeNotesÙ¯‚€öpOther ParametersÙ¯‚€öjParametersÙ¯‚Ù°ƒfmappervdict, Series, callableÙ¹‚Ù§x*The correspondence from old values to new.€öfRaisesÙ¯‚€öhReceivesÙ¯‚€ögReturnsÙ¯‚Ù°ƒ`kSparseArrayÙ¹‚‚Ù§x~The output array will have the same density as the input. The output fill value will be the result of applying the mapping to Ù¡oself.fill_value€ögSummaryÙ¯‚Ù¹‚Ù§x2Map categories using an input mapping or function.€öhWarningsÙ¯‚€öeWarnsÙ¯‚€öfYieldsÙ¯‚€ö„gSummaryjParametersgReturnshExamplesx#/pandas/core/arrays/sparse/array.pyır<class 'function'>xpandas.arrays.SparseArray.mapÙ¯‚ƒÙ´ƒ˜$Ù±‚`carrÙ±‚`a Ù±‚aoa=Ù±‚`a Ù±‚`bpdÙ±‚aoa.Ù±‚`Ù¢„farraysÙ „fpandase1.4.1fmodulempandas.arraysfmoduleõÙ±‚aoa.Ù±‚`Ù¢„kSparseArrayÙ „fpandase1.4.1fmodulex+pandas.core.arrays.sparse.array.SparseArrayfmoduleõÙ±‚`a(Ù±‚`a[Ù±‚bmia0Ù±‚`a,Ù±‚`a Ù±‚bmia1Ù±‚`a,Ù±‚`a Ù±‚bmia2Ù±‚`a]Ù±‚`a)Ù±‚`a
Ù±‚`carrÙ±‚aoa.Ù±‚`Ù¢„cmapÙ „fpandase1.4.1fmodulex/pandas.core.arrays.sparse.array.SparseArray.mapfmoduleõÙ±‚`a(Ù±‚akflambdaÙ±‚`a Ù±‚`axÙ±‚`a:Ù±‚`a Ù±‚`axÙ±‚`a Ù±‚aoa+Ù±‚`a Ù±‚bmib10Ù±‚`a)xB[10, 11, 12]
Fill: 10
IntIndex
Indices: array([1, 2], dtype=int32)hcompiledÙ´ƒ—Ù±‚`carrÙ±‚aoa.Ù±‚`Ù¢„cmapÙ „fpandase1.4.1fmodulex/pandas.core.arrays.sparse.array.SparseArray.mapfmoduleõÙ±‚`a(Ù±‚`a{Ù±‚bmia0Ù±‚`a:Ù±‚`a Ù±‚bmib10Ù±‚`a,Ù±‚`a Ù±‚bmia1Ù±‚`a:Ù±‚`a Ù±‚bmib11Ù±‚`a,Ù±‚`a Ù±‚bmia2Ù±‚`a:Ù±‚`a Ù±‚bmib12Ù±‚`a}Ù±‚`a)xB[10, 11, 12]
Fill: 10
IntIndex
Indices: array([1, 2], dtype=int32)hcompiledÙ´ƒ˜ Ù±‚`carrÙ±‚aoa.Ù±‚`Ù¢„cmapÙ „fpandase1.4.1fmodulex/pandas.core.arrays.sparse.array.SparseArray.mapfmoduleõÙ±‚`a(Ù±‚`bpdÙ±‚aoa.Ù±‚`Ù¢„fSeriesÙ „fpandase1.4.1fmodulexpandas.core.series.SeriesfmoduleõÙ±‚`a(Ù±‚`a[Ù±‚bmib10Ù±‚`a,Ù±‚`a Ù±‚bmib11Ù±‚`a,Ù±‚`a Ù±‚bmib12Ù±‚`a]Ù±‚`a,Ù±‚`a Ù±‚`eindexÙ±‚aoa=Ù±‚`a[Ù±‚bmia0Ù±‚`a,Ù±‚`a Ù±‚bmia1Ù±‚`a,Ù±‚`a Ù±‚bmia2Ù±‚`a]Ù±‚`a)Ù±‚`a)xB[10, 11, 12]
Fill: 10
IntIndex
Indices: array([1, 2], dtype=int32)hcompiledö€e1.4.1Ù«x3map(self: 'SparseArrayT', mapper) -> 'SparseArrayT'öx/pandas.core.arrays.sparse.array.SparseArray.map€