Ùª­jAttributesÙ¯‚€öpExtended SummaryÙ¯‚€ögMethodsÙ¯‚€öeNotesÙ¯‚€öpOther ParametersÙ¯‚€öjParametersÙ¯‚€öfRaisesÙ¯‚€öhReceivesÙ¯‚€ögReturnsÙ¯‚Ù°ƒ`mDatetimeIndex€ögSummaryÙ¯‚Ù¹‚Ù§x0Snap time stamps to nearest occurring frequency.€öhWarningsÙ¯‚€öeWarnsÙ¯‚€öfYieldsÙ¯‚€ö‚gSummarygReturnsx!/pandas/core/indexes/datetimes.pyr<class 'function'>xpandas.DatetimeIndex.snapÙ¯‚€ö€e1.4.1Ù«x'snap(self, freq='S') -> 'DatetimeIndex'öx0pandas.core.indexes.datetimes.DatetimeIndex.snap€